ARM Linker, 5.03 [Build 24] [MDK-ARM Standard]

==============================================================================

Section Cross References

    startup_stm32f10x_hd.o(RESET) refers to startup_stm32f10x_hd.o(.text) for Reset_Handler
    startup_stm32f10x_hd.o(RESET) refers to stm32f10x_it.o(.text) for NMI_Handler
    startup_stm32f10x_hd.o(.text) refers to startup_stm32f10x_hd.o(STACK) for __initial_sp
    startup_stm32f10x_hd.o(.text) refers to entry.o(.ARM.Collect$$$$00000000) for __main
    main.o(.text) refers to system_stm32f10x.o(.text) for SystemInit
    main.o(.text) refers to nvic.o(.text) for NVIC_Configuration
    main.o(.text) refers to system_init.o(.text) for TIM6_Configuration
    main.o(.text) refers to usart1.o(.text) for USART1_Config
    main.o(.text) refers to main.o(.data) for time_flag
    stm32f10x_it.o(.text) refers to stm32f10x_tim.o(.text) for TIM_GetITStatus
    stm32f10x_it.o(.text) refers to system_init.o(.text) for Count_get
    stm32f10x_it.o(.text) refers to stm32f10x_usart.o(.text) for USART_GetITStatus
    stm32f10x_it.o(.text) refers to main.o(.data) for time_flag
    usart1.o(.text) refers to stm32f10x_rcc.o(.text) for RCC_APB2PeriphClockCmd
    usart1.o(.text) refers to stm32f10x_usart.o(.text) for USART_DeInit
    usart1.o(.text) refers to stm32f10x_gpio.o(.text) for GPIO_Init
    nvic.o(.text) refers to misc.o(.text) for NVIC_PriorityGroupConfig
    system_init.o(.text) refers to stm32f10x_rcc.o(.text) for RCC_APB1PeriphClockCmd
    system_init.o(.text) refers to stm32f10x_tim.o(.text) for TIM_DeInit
    system_init.o(.text) refers to stm32f10x_gpio.o(.text) for GPIO_Init
    stm32f10x_gpio.o(.text) refers to stm32f10x_rcc.o(.text) for RCC_APB2PeriphResetCmd
    stm32f10x_rcc.o(.text) refers to stm32f10x_rcc.o(.data) for APBAHBPrescTable
    stm32f10x_tim.o(.text) refers to stm32f10x_rcc.o(.text) for RCC_APB2PeriphResetCmd
    stm32f10x_usart.o(.text) refers to stm32f10x_rcc.o(.text) for RCC_APB2PeriphResetCmd
    entry.o(.ARM.Collect$$$$00000000) refers (Special) to entry10a.o(.ARM.Collect$$$$0000000D) for __rt_final_cpp
    entry.o(.ARM.Collect$$$$00000000) refers (Special) to entry11a.o(.ARM.Collect$$$$0000000F) for __rt_final_exit
    entry.o(.ARM.Collect$$$$00000000) refers (Special) to entry7b.o(.ARM.Collect$$$$00000008) for _main_clock
    entry.o(.ARM.Collect$$$$00000000) refers (Special) to entry8b.o(.ARM.Collect$$$$0000000A) for _main_cpp_init
    entry.o(.ARM.Collect$$$$00000000) refers (Special) to entry9a.o(.ARM.Collect$$$$0000000B) for _main_init
    entry.o(.ARM.Collect$$$$00000000) refers (Special) to entry5.o(.ARM.Collect$$$$00000004) for _main_scatterload
    entry.o(.ARM.Collect$$$$00000000) refers (Special) to entry2.o(.ARM.Collect$$$$00000001) for _main_stk
    entry2.o(.ARM.Collect$$$$00000001) refers to entry2.o(.ARM.Collect$$$$00002712) for __lit__00000000
    entry2.o(.ARM.Collect$$$$00002712) refers to startup_stm32f10x_hd.o(STACK) for __initial_sp
    entry2.o(__vectab_stack_and_reset_area) refers to startup_stm32f10x_hd.o(STACK) for __initial_sp
    entry2.o(__vectab_stack_and_reset_area) refers to entry.o(.ARM.Collect$$$$00000000) for __main
    entry5.o(.ARM.Collect$$$$00000004) refers to init.o(.text) for __scatterload
    entry9a.o(.ARM.Collect$$$$0000000B) refers to main.o(.text) for main
    entry9b.o(.ARM.Collect$$$$0000000C) refers to main.o(.text) for main
    init.o(.text) refers to entry5.o(.ARM.Collect$$$$00000004) for __main_after_scatterload


==============================================================================

Removing Unused input sections from the image.

    Removing startup_stm32f10x_hd.o(HEAP), (0 bytes).
    Removing core_cm3.o(.emb_text), (32 bytes).
    Removing system_stm32f10x.o(.constdata), (20 bytes).

3 unused section(s) (total 52 bytes) removed from the image.

==============================================================================

Image Symbol Table

    Local Symbols

    Symbol Name                              Value     Ov Type        Size  Object(Section)

    ../clib/microlib/init/entry.s            0x00000000   Number         0  entry9b.o ABSOLUTE
    ../clib/microlib/init/entry.s            0x00000000   Number         0  entry9a.o ABSOLUTE
    ../clib/microlib/init/entry.s            0x00000000   Number         0  entry8b.o ABSOLUTE
    ../clib/microlib/init/entry.s            0x00000000   Number         0  entry8a.o ABSOLUTE
    ../clib/microlib/init/entry.s            0x00000000   Number         0  entry7b.o ABSOLUTE
    ../clib/microlib/init/entry.s            0x00000000   Number         0  entry11a.o ABSOLUTE
    ../clib/microlib/init/entry.s            0x00000000   Number         0  entry7a.o ABSOLUTE
    ../clib/microlib/init/entry.s            0x00000000   Number         0  entry5.o ABSOLUTE
    ../clib/microlib/init/entry.s            0x00000000   Number         0  entry2.o ABSOLUTE
    ../clib/microlib/init/entry.s            0x00000000   Number         0  entry.o ABSOLUTE
    ../clib/microlib/init/entry.s            0x00000000   Number         0  entry11b.o ABSOLUTE
    ../clib/microlib/init/entry.s            0x00000000   Number         0  entry10b.o ABSOLUTE
    ../clib/microlib/init/entry.s            0x00000000   Number         0  entry10a.o ABSOLUTE
    ..\CMSIS\core_cm3.c                      0x00000000   Number         0  core_cm3.o ABSOLUTE
    ..\CMSIS\startup\startup_stm32f10x_hd.s  0x00000000   Number         0  startup_stm32f10x_hd.o ABSOLUTE
    ..\CMSIS\system_stm32f10x.c              0x00000000   Number         0  system_stm32f10x.o ABSOLUTE
    ..\FWlib\src\misc.c                      0x00000000   Number         0  misc.o ABSOLUTE
    ..\FWlib\src\stm32f10x_gpio.c            0x00000000   Number         0  stm32f10x_gpio.o ABSOLUTE
    ..\FWlib\src\stm32f10x_rcc.c             0x00000000   Number         0  stm32f10x_rcc.o ABSOLUTE
    ..\FWlib\src\stm32f10x_tim.c             0x00000000   Number         0  stm32f10x_tim.o ABSOLUTE
    ..\FWlib\src\stm32f10x_usart.c           0x00000000   Number         0  stm32f10x_usart.o ABSOLUTE
    ..\\CMSIS\\core_cm3.c                    0x00000000   Number         0  core_cm3.o ABSOLUTE
    dc.s                                     0x00000000   Number         0  dc.o ABSOLUTE
    handlers.s                               0x00000000   Number         0  handlers.o ABSOLUTE
    init.s                                   0x00000000   Number         0  init.o ABSOLUTE
    src\main.c                               0x00000000   Number         0  main.o ABSOLUTE
    src\nvic.c                               0x00000000   Number         0  nvic.o ABSOLUTE
    src\stm32f10x_it.c                       0x00000000   Number         0  stm32f10x_it.o ABSOLUTE
    src\system_init.c                        0x00000000   Number         0  system_init.o ABSOLUTE
    src\usart1.c                             0x00000000   Number         0  usart1.o ABSOLUTE
    RESET                                    0x08000000   Section      304  startup_stm32f10x_hd.o(RESET)
    .ARM.Collect$$$$00000000                 0x08000130   Section        0  entry.o(.ARM.Collect$$$$00000000)
    .ARM.Collect$$$$00000001                 0x08000130   Section        4  entry2.o(.ARM.Collect$$$$00000001)
    .ARM.Collect$$$$00000004                 0x08000134   Section        4  entry5.o(.ARM.Collect$$$$00000004)
    .ARM.Collect$$$$00000008                 0x08000138   Section        0  entry7b.o(.ARM.Collect$$$$00000008)
    .ARM.Collect$$$$0000000A                 0x08000138   Section        0  entry8b.o(.ARM.Collect$$$$0000000A)
    .ARM.Collect$$$$0000000B                 0x08000138   Section        8  entry9a.o(.ARM.Collect$$$$0000000B)
    .ARM.Collect$$$$0000000D                 0x08000140   Section        0  entry10a.o(.ARM.Collect$$$$0000000D)
    .ARM.Collect$$$$0000000F                 0x08000140   Section        0  entry11a.o(.ARM.Collect$$$$0000000F)
    .ARM.Collect$$$$00002712                 0x08000140   Section        4  entry2.o(.ARM.Collect$$$$00002712)
    __lit__00000000                          0x08000140   Data           4  entry2.o(.ARM.Collect$$$$00002712)
    .text                                    0x08000144   Section       48  startup_stm32f10x_hd.o(.text)
    .text                                    0x08000174   Section        0  main.o(.text)
    .text                                    0x08000208   Section        0  stm32f10x_it.o(.text)
    .text                                    0x0800027c   Section        0  usart1.o(.text)
    itoa                                     0x0800032d   Thumb Code    98  usart1.o(.text)
    .text                                    0x0800049c   Section        0  nvic.o(.text)
    .text                                    0x080004e8   Section        0  system_init.o(.text)
    TIM3_GPIO_Config                         0x08000537   Thumb Code    60  system_init.o(.text)
    TIM3_Mode_Config                         0x08000573   Thumb Code   150  system_init.o(.text)
    .text                                    0x08000920   Section        0  stm32f10x_gpio.o(.text)
    .text                                    0x08000c4c   Section        0  stm32f10x_rcc.o(.text)
    .text                                    0x08000fec   Section        0  misc.o(.text)
    .text                                    0x080010c8   Section        0  stm32f10x_tim.o(.text)
    TI4_Config                               0x080013e7   Thumb Code    82  stm32f10x_tim.o(.text)
    TI3_Config                               0x0800144b   Thumb Code    72  stm32f10x_tim.o(.text)
    TI2_Config                               0x080014bd   Thumb Code    80  stm32f10x_tim.o(.text)
    TI1_Config                               0x0800151f   Thumb Code    56  stm32f10x_tim.o(.text)
    .text                                    0x08001c90   Section        0  stm32f10x_usart.o(.text)
    .text                                    0x08002000   Section        0  system_stm32f10x.o(.text)
    SetSysClockTo72                          0x08002001   Thumb Code   218  system_stm32f10x.o(.text)
    SetSysClock                              0x080020db   Thumb Code     8  system_stm32f10x.o(.text)
    .text                                    0x08002138   Section       36  init.o(.text)
    i.__scatterload_copy                     0x0800215c   Section       14  handlers.o(i.__scatterload_copy)
    i.__scatterload_null                     0x0800216a   Section        2  handlers.o(i.__scatterload_null)
    i.__scatterload_zeroinit                 0x0800216c   Section       14  handlers.o(i.__scatterload_zeroinit)
    .data                                    0x20000000   Section       16  main.o(.data)
    .data                                    0x20000010   Section       20  stm32f10x_rcc.o(.data)
    APBAHBPrescTable                         0x20000010   Data          16  stm32f10x_rcc.o(.data)
    ADCPrescTable                            0x20000020   Data           4  stm32f10x_rcc.o(.data)
    STACK                                    0x20000028   Section      512  startup_stm32f10x_hd.o(STACK)

    Global Symbols

    Symbol Name                              Value     Ov Type        Size  Object(Section)

    BuildAttributes$$THM_ISAv4$P$D$K$B$S$PE$A:L22UL41UL21$X:L11$S22US41US21$IEEE1$IW$USESV6$~STKCKD$USESV7$~SHL$OSPACE$EBA8$MICROLIB$REQ8$PRES8$EABIv2 0x00000000   Number         0  anon$$obj.o ABSOLUTE
    __ARM_use_no_argv                        0x00000000   Number         0  main.o ABSOLUTE
    __cpp_initialize__aeabi_                  - Undefined Weak Reference
    __cxa_finalize                            - Undefined Weak Reference
    __decompress                              - Undefined Weak Reference
    _clock_init                               - Undefined Weak Reference
    _microlib_exit                            - Undefined Weak Reference
    __Vectors_Size                           0x00000130   Number         0  startup_stm32f10x_hd.o ABSOLUTE
    __Vectors                                0x08000000   Data           4  startup_stm32f10x_hd.o(RESET)
    __Vectors_End                            0x08000130   Data           0  startup_stm32f10x_hd.o(RESET)
    __main                                   0x08000131   Thumb Code     0  entry.o(.ARM.Collect$$$$00000000)
    _main_stk                                0x08000131   Thumb Code     0  entry2.o(.ARM.Collect$$$$00000001)
    _main_scatterload                        0x08000135   Thumb Code     0  entry5.o(.ARM.Collect$$$$00000004)
    __main_after_scatterload                 0x08000139   Thumb Code     0  entry5.o(.ARM.Collect$$$$00000004)
    _main_clock                              0x08000139   Thumb Code     0  entry7b.o(.ARM.Collect$$$$00000008)
    _main_cpp_init                           0x08000139   Thumb Code     0  entry8b.o(.ARM.Collect$$$$0000000A)
    _main_init                               0x08000139   Thumb Code     0  entry9a.o(.ARM.Collect$$$$0000000B)
    __rt_final_cpp                           0x08000141   Thumb Code     0  entry10a.o(.ARM.Collect$$$$0000000D)
    __rt_final_exit                          0x08000141   Thumb Code     0  entry11a.o(.ARM.Collect$$$$0000000F)
    SystemInit_ExtMemCtl                     0x08000145   Thumb Code     2  startup_stm32f10x_hd.o(.text)
    Reset_Handler                            0x08000147   Thumb Code    14  startup_stm32f10x_hd.o(.text)
    ADC1_2_IRQHandler                        0x08000167   Thumb Code     0  startup_stm32f10x_hd.o(.text)
    ADC3_IRQHandler                          0x08000167   Thumb Code     0  startup_stm32f10x_hd.o(.text)
    CAN1_RX1_IRQHandler                      0x08000167   Thumb Code     0  startup_stm32f10x_hd.o(.text)
    CAN1_SCE_IRQHandler                      0x08000167   Thumb Code     0  startup_stm32f10x_hd.o(.text)
    DMA1_Channel1_IRQHandler                 0x08000167   Thumb Code     0  startup_stm32f10x_hd.o(.text)
    DMA1_Channel2_IRQHandler                 0x08000167   Thumb Code     0  startup_stm32f10x_hd.o(.text)
    DMA1_Channel3_IRQHandler                 0x08000167   Thumb Code     0  startup_stm32f10x_hd.o(.text)
    DMA1_Channel4_IRQHandler                 0x08000167   Thumb Code     0  startup_stm32f10x_hd.o(.text)
    DMA1_Channel5_IRQHandler                 0x08000167   Thumb Code     0  startup_stm32f10x_hd.o(.text)
    DMA1_Channel6_IRQHandler                 0x08000167   Thumb Code     0  startup_stm32f10x_hd.o(.text)
    DMA1_Channel7_IRQHandler                 0x08000167   Thumb Code     0  startup_stm32f10x_hd.o(.text)
    DMA2_Channel1_IRQHandler                 0x08000167   Thumb Code     0  startup_stm32f10x_hd.o(.text)
    DMA2_Channel2_IRQHandler                 0x08000167   Thumb Code     0  startup_stm32f10x_hd.o(.text)
    DMA2_Channel3_IRQHandler                 0x08000167   Thumb Code     0  startup_stm32f10x_hd.o(.text)
    DMA2_Channel4_5_IRQHandler               0x08000167   Thumb Code     0  startup_stm32f10x_hd.o(.text)
    EXTI0_IRQHandler                         0x08000167   Thumb Code     0  startup_stm32f10x_hd.o(.text)
    EXTI15_10_IRQHandler                     0x08000167   Thumb Code     0  startup_stm32f10x_hd.o(.text)
    EXTI1_IRQHandler                         0x08000167   Thumb Code     0  startup_stm32f10x_hd.o(.text)
    EXTI2_IRQHandler                         0x08000167   Thumb Code     0  startup_stm32f10x_hd.o(.text)
    EXTI3_IRQHandler                         0x08000167   Thumb Code     0  startup_stm32f10x_hd.o(.text)
    EXTI4_IRQHandler                         0x08000167   Thumb Code     0  startup_stm32f10x_hd.o(.text)
    EXTI9_5_IRQHandler                       0x08000167   Thumb Code     0  startup_stm32f10x_hd.o(.text)
    FLASH_IRQHandler                         0x08000167   Thumb Code     0  startup_stm32f10x_hd.o(.text)
    FSMC_IRQHandler                          0x08000167   Thumb Code     0  startup_stm32f10x_hd.o(.text)
    I2C1_ER_IRQHandler                       0x08000167   Thumb Code     0  startup_stm32f10x_hd.o(.text)
    I2C1_EV_IRQHandler                       0x08000167   Thumb Code     0  startup_stm32f10x_hd.o(.text)
    I2C2_ER_IRQHandler                       0x08000167   Thumb Code     0  startup_stm32f10x_hd.o(.text)
    I2C2_EV_IRQHandler                       0x08000167   Thumb Code     0  startup_stm32f10x_hd.o(.text)
    PVD_IRQHandler                           0x08000167   Thumb Code     0  startup_stm32f10x_hd.o(.text)
    RCC_IRQHandler                           0x08000167   Thumb Code     0  startup_stm32f10x_hd.o(.text)
    RTCAlarm_IRQHandler                      0x08000167   Thumb Code     0  startup_stm32f10x_hd.o(.text)
    RTC_IRQHandler                           0x08000167   Thumb Code     0  startup_stm32f10x_hd.o(.text)
    SDIO_IRQHandler                          0x08000167   Thumb Code     0  startup_stm32f10x_hd.o(.text)
    SPI1_IRQHandler                          0x08000167   Thumb Code     0  startup_stm32f10x_hd.o(.text)
    SPI2_IRQHandler                          0x08000167   Thumb Code     0  startup_stm32f10x_hd.o(.text)
    SPI3_IRQHandler                          0x08000167   Thumb Code     0  startup_stm32f10x_hd.o(.text)
    TAMPER_IRQHandler                        0x08000167   Thumb Code     0  startup_stm32f10x_hd.o(.text)
    TIM1_BRK_IRQHandler                      0x08000167   Thumb Code     0  startup_stm32f10x_hd.o(.text)
    TIM1_CC_IRQHandler                       0x08000167   Thumb Code     0  startup_stm32f10x_hd.o(.text)
    TIM1_TRG_COM_IRQHandler                  0x08000167   Thumb Code     0  startup_stm32f10x_hd.o(.text)
    TIM1_UP_IRQHandler                       0x08000167   Thumb Code     0  startup_stm32f10x_hd.o(.text)
    TIM2_IRQHandler                          0x08000167   Thumb Code     0  startup_stm32f10x_hd.o(.text)
    TIM3_IRQHandler                          0x08000167   Thumb Code     0  startup_stm32f10x_hd.o(.text)
    TIM4_IRQHandler                          0x08000167   Thumb Code     0  startup_stm32f10x_hd.o(.text)
    TIM5_IRQHandler                          0x08000167   Thumb Code     0  startup_stm32f10x_hd.o(.text)
    TIM7_IRQHandler                          0x08000167   Thumb Code     0  startup_stm32f10x_hd.o(.text)
    TIM8_BRK_IRQHandler                      0x08000167   Thumb Code     0  startup_stm32f10x_hd.o(.text)
    TIM8_CC_IRQHandler                       0x08000167   Thumb Code     0  startup_stm32f10x_hd.o(.text)
    TIM8_TRG_COM_IRQHandler                  0x08000167   Thumb Code     0  startup_stm32f10x_hd.o(.text)
    TIM8_UP_IRQHandler                       0x08000167   Thumb Code     0  startup_stm32f10x_hd.o(.text)
    UART4_IRQHandler                         0x08000167   Thumb Code     0  startup_stm32f10x_hd.o(.text)
    UART5_IRQHandler                         0x08000167   Thumb Code     0  startup_stm32f10x_hd.o(.text)
    USART2_IRQHandler                        0x08000167   Thumb Code     0  startup_stm32f10x_hd.o(.text)
    USART3_IRQHandler                        0x08000167   Thumb Code     0  startup_stm32f10x_hd.o(.text)
    USBWakeUp_IRQHandler                     0x08000167   Thumb Code     0  startup_stm32f10x_hd.o(.text)
    USB_HP_CAN1_TX_IRQHandler                0x08000167   Thumb Code     0  startup_stm32f10x_hd.o(.text)
    USB_LP_CAN1_RX0_IRQHandler               0x08000167   Thumb Code     0  startup_stm32f10x_hd.o(.text)
    WWDG_IRQHandler                          0x08000167   Thumb Code     0  startup_stm32f10x_hd.o(.text)
    main                                     0x08000175   Thumb Code    88  main.o(.text)
    NMI_Handler                              0x08000209   Thumb Code     2  stm32f10x_it.o(.text)
    HardFault_Handler                        0x0800020b   Thumb Code     4  stm32f10x_it.o(.text)
    MemManage_Handler                        0x0800020f   Thumb Code     4  stm32f10x_it.o(.text)
    BusFault_Handler                         0x08000213   Thumb Code     4  stm32f10x_it.o(.text)
    UsageFault_Handler                       0x08000217   Thumb Code     4  stm32f10x_it.o(.text)
    SVC_Handler                              0x0800021b   Thumb Code     2  stm32f10x_it.o(.text)
    DebugMon_Handler                         0x0800021d   Thumb Code     2  stm32f10x_it.o(.text)
    PendSV_Handler                           0x0800021f   Thumb Code     2  stm32f10x_it.o(.text)
    SysTick_Handler                          0x08000221   Thumb Code     2  stm32f10x_it.o(.text)
    TIM6_IRQHandler                          0x08000223   Thumb Code    38  stm32f10x_it.o(.text)
    USART1_IRQHandler                        0x08000249   Thumb Code    26  stm32f10x_it.o(.text)
    USART1_Config                            0x0800027d   Thumb Code   146  usart1.o(.text)
    fputc                                    0x0800030f   Thumb Code    30  usart1.o(.text)
    USART1_printf                            0x0800038f   Thumb Code   262  usart1.o(.text)
    NVIC_Configuration                       0x0800049d   Thumb Code    76  nvic.o(.text)
    TIM6_Configuration                       0x080004e9   Thumb Code    78  system_init.o(.text)
    TIM3_PWM_Init                            0x08000609   Thumb Code    12  system_init.o(.text)
    TIM_Counter_Init                         0x08000615   Thumb Code   286  system_init.o(.text)
    Count_get                                0x08000733   Thumb Code   186  system_init.o(.text)
    Gpio_init                                0x080007ed   Thumb Code   144  system_init.o(.text)
    PWM3_duty                                0x0800087d   Thumb Code    42  system_init.o(.text)
    PWM2_duty                                0x080008a7   Thumb Code    74  system_init.o(.text)
    PWM1_duty                                0x080008f1   Thumb Code    38  system_init.o(.text)
    GPIO_DeInit                              0x08000921   Thumb Code   188  stm32f10x_gpio.o(.text)
    GPIO_AFIODeInit                          0x080009dd   Thumb Code    20  stm32f10x_gpio.o(.text)
    GPIO_Init                                0x080009f1   Thumb Code   274  stm32f10x_gpio.o(.text)
    GPIO_StructInit                          0x08000b03   Thumb Code    16  stm32f10x_gpio.o(.text)
    GPIO_ReadInputDataBit                    0x08000b13   Thumb Code    18  stm32f10x_gpio.o(.text)
    GPIO_ReadInputData                       0x08000b25   Thumb Code     8  stm32f10x_gpio.o(.text)
    GPIO_ReadOutputDataBit                   0x08000b2d   Thumb Code    18  stm32f10x_gpio.o(.text)
    GPIO_ReadOutputData                      0x08000b3f   Thumb Code     8  stm32f10x_gpio.o(.text)
    GPIO_SetBits                             0x08000b47   Thumb Code     4  stm32f10x_gpio.o(.text)
    GPIO_ResetBits                           0x08000b4b   Thumb Code     4  stm32f10x_gpio.o(.text)
    GPIO_WriteBit                            0x08000b4f   Thumb Code    10  stm32f10x_gpio.o(.text)
    GPIO_Write                               0x08000b59   Thumb Code     4  stm32f10x_gpio.o(.text)
    GPIO_PinLockConfig                       0x08000b5d   Thumb Code    18  stm32f10x_gpio.o(.text)
    GPIO_EventOutputConfig                   0x08000b6f   Thumb Code    26  stm32f10x_gpio.o(.text)
    GPIO_EventOutputCmd                      0x08000b89   Thumb Code     6  stm32f10x_gpio.o(.text)
    GPIO_PinRemapConfig                      0x08000b8f   Thumb Code   106  stm32f10x_gpio.o(.text)
    GPIO_EXTILineConfig                      0x08000bf9   Thumb Code    66  stm32f10x_gpio.o(.text)
    RCC_DeInit                               0x08000c4d   Thumb Code    62  stm32f10x_rcc.o(.text)
    RCC_HSEConfig                            0x08000c8b   Thumb Code    70  stm32f10x_rcc.o(.text)
    RCC_GetFlagStatus                        0x08000cd1   Thumb Code    56  stm32f10x_rcc.o(.text)
    RCC_WaitForHSEStartUp                    0x08000d09   Thumb Code    54  stm32f10x_rcc.o(.text)
    RCC_AdjustHSICalibrationValue            0x08000d3f   Thumb Code    20  stm32f10x_rcc.o(.text)
    RCC_HSICmd                               0x08000d53   Thumb Code     6  stm32f10x_rcc.o(.text)
    RCC_PLLConfig                            0x08000d59   Thumb Code    24  stm32f10x_rcc.o(.text)
    RCC_PLLCmd                               0x08000d71   Thumb Code     6  stm32f10x_rcc.o(.text)
    RCC_SYSCLKConfig                         0x08000d77   Thumb Code    18  stm32f10x_rcc.o(.text)
    RCC_GetSYSCLKSource                      0x08000d89   Thumb Code    10  stm32f10x_rcc.o(.text)
    RCC_HCLKConfig                           0x08000d93   Thumb Code    18  stm32f10x_rcc.o(.text)
    RCC_PCLK1Config                          0x08000da5   Thumb Code    18  stm32f10x_rcc.o(.text)
    RCC_PCLK2Config                          0x08000db7   Thumb Code    20  stm32f10x_rcc.o(.text)
    RCC_ITConfig                             0x08000dcb   Thumb Code    26  stm32f10x_rcc.o(.text)
    RCC_USBCLKConfig                         0x08000de5   Thumb Code     6  stm32f10x_rcc.o(.text)
    RCC_ADCCLKConfig                         0x08000deb   Thumb Code    18  stm32f10x_rcc.o(.text)
    RCC_LSEConfig                            0x08000dfd   Thumb Code    44  stm32f10x_rcc.o(.text)
    RCC_LSICmd                               0x08000e29   Thumb Code     6  stm32f10x_rcc.o(.text)
    RCC_RTCCLKConfig                         0x08000e2f   Thumb Code    12  stm32f10x_rcc.o(.text)
    RCC_RTCCLKCmd                            0x08000e3b   Thumb Code     8  stm32f10x_rcc.o(.text)
    RCC_GetClocksFreq                        0x08000e43   Thumb Code   192  stm32f10x_rcc.o(.text)
    RCC_AHBPeriphClockCmd                    0x08000f03   Thumb Code    26  stm32f10x_rcc.o(.text)
    RCC_APB2PeriphClockCmd                   0x08000f1d   Thumb Code    26  stm32f10x_rcc.o(.text)
    RCC_APB1PeriphClockCmd                   0x08000f37   Thumb Code    26  stm32f10x_rcc.o(.text)
    RCC_APB2PeriphResetCmd                   0x08000f51   Thumb Code    26  stm32f10x_rcc.o(.text)
    RCC_APB1PeriphResetCmd                   0x08000f6b   Thumb Code    26  stm32f10x_rcc.o(.text)
    RCC_BackupResetCmd                       0x08000f85   Thumb Code     8  stm32f10x_rcc.o(.text)
    RCC_ClockSecuritySystemCmd               0x08000f8d   Thumb Code     6  stm32f10x_rcc.o(.text)
    RCC_MCOConfig                            0x08000f93   Thumb Code     6  stm32f10x_rcc.o(.text)
    RCC_ClearFlag                            0x08000f99   Thumb Code    14  stm32f10x_rcc.o(.text)
    RCC_GetITStatus                          0x08000fa7   Thumb Code    20  stm32f10x_rcc.o(.text)
    RCC_ClearITPendingBit                    0x08000fbb   Thumb Code     6  stm32f10x_rcc.o(.text)
    NVIC_PriorityGroupConfig                 0x08000fed   Thumb Code    10  misc.o(.text)
    NVIC_Init                                0x08000ff7   Thumb Code   102  misc.o(.text)
    NVIC_SetVectorTable                      0x0800105d   Thumb Code    14  misc.o(.text)
    NVIC_SystemLPConfig                      0x0800106b   Thumb Code    34  misc.o(.text)
    SysTick_CLKSourceConfig                  0x0800108d   Thumb Code    40  misc.o(.text)
    TIM_DeInit                               0x080010c9   Thumb Code   214  stm32f10x_tim.o(.text)
    TIM_TimeBaseInit                         0x0800119f   Thumb Code    50  stm32f10x_tim.o(.text)
    TIM_OC1Init                              0x080011d1   Thumb Code   110  stm32f10x_tim.o(.text)
    TIM_OC2Init                              0x0800123f   Thumb Code   148  stm32f10x_tim.o(.text)
    TIM_OC3Init                              0x080012d3   Thumb Code   144  stm32f10x_tim.o(.text)
    TIM_OC4Init                              0x08001363   Thumb Code   106  stm32f10x_tim.o(.text)
    TIM_SetIC4Prescaler                      0x080013cd   Thumb Code    26  stm32f10x_tim.o(.text)
    TIM_SetIC3Prescaler                      0x08001439   Thumb Code    18  stm32f10x_tim.o(.text)
    TIM_SetIC2Prescaler                      0x08001493   Thumb Code    42  stm32f10x_tim.o(.text)
    TIM_SetIC1Prescaler                      0x0800150d   Thumb Code    18  stm32f10x_tim.o(.text)
    TIM_ICInit                               0x08001557   Thumb Code   110  stm32f10x_tim.o(.text)
    TIM_PWMIConfig                           0x080015c5   Thumb Code   124  stm32f10x_tim.o(.text)
    TIM_BDTRConfig                           0x08001641   Thumb Code    32  stm32f10x_tim.o(.text)
    TIM_TimeBaseStructInit                   0x08001661   Thumb Code    18  stm32f10x_tim.o(.text)
    TIM_OCStructInit                         0x08001673   Thumb Code    20  stm32f10x_tim.o(.text)
    TIM_ICStructInit                         0x08001687   Thumb Code    18  stm32f10x_tim.o(.text)
    TIM_BDTRStructInit                       0x08001699   Thumb Code    18  stm32f10x_tim.o(.text)
    TIM_Cmd                                  0x080016ab   Thumb Code    24  stm32f10x_tim.o(.text)
    TIM_CtrlPWMOutputs                       0x080016c3   Thumb Code    30  stm32f10x_tim.o(.text)
    TIM_ITConfig                             0x080016e1   Thumb Code    18  stm32f10x_tim.o(.text)
    TIM_GenerateEvent                        0x080016f3   Thumb Code     4  stm32f10x_tim.o(.text)
    TIM_DMAConfig                            0x080016f7   Thumb Code    10  stm32f10x_tim.o(.text)
    TIM_DMACmd                               0x08001701   Thumb Code    18  stm32f10x_tim.o(.text)
    TIM_InternalClockConfig                  0x08001713   Thumb Code    12  stm32f10x_tim.o(.text)
    TIM_SelectInputTrigger                   0x0800171f   Thumb Code    18  stm32f10x_tim.o(.text)
    TIM_ITRxExternalClockConfig              0x08001731   Thumb Code    24  stm32f10x_tim.o(.text)
    TIM_TIxExternalClockConfig               0x08001749   Thumb Code    62  stm32f10x_tim.o(.text)
    TIM_ETRConfig                            0x08001787   Thumb Code    30  stm32f10x_tim.o(.text)
    TIM_ETRClockMode1Config                  0x080017a5   Thumb Code    54  stm32f10x_tim.o(.text)
    TIM_ETRClockMode2Config                  0x080017db   Thumb Code    32  stm32f10x_tim.o(.text)
    TIM_PrescalerConfig                      0x080017fb   Thumb Code     6  stm32f10x_tim.o(.text)
    TIM_CounterModeConfig                    0x08001801   Thumb Code    18  stm32f10x_tim.o(.text)
    TIM_EncoderInterfaceConfig               0x08001813   Thumb Code    66  stm32f10x_tim.o(.text)
    TIM_ForcedOC1Config                      0x08001855   Thumb Code    18  stm32f10x_tim.o(.text)
    TIM_ForcedOC2Config                      0x08001867   Thumb Code    26  stm32f10x_tim.o(.text)
    TIM_ForcedOC3Config                      0x08001881   Thumb Code    18  stm32f10x_tim.o(.text)
    TIM_ForcedOC4Config                      0x08001893   Thumb Code    26  stm32f10x_tim.o(.text)
    TIM_ARRPreloadConfig                     0x080018ad   Thumb Code    24  stm32f10x_tim.o(.text)
    TIM_SelectCOM                            0x080018c5   Thumb Code    24  stm32f10x_tim.o(.text)
    TIM_SelectCCDMA                          0x080018dd   Thumb Code    24  stm32f10x_tim.o(.text)
    TIM_CCPreloadControl                     0x080018f5   Thumb Code    24  stm32f10x_tim.o(.text)
    TIM_OC1PreloadConfig                     0x0800190d   Thumb Code    18  stm32f10x_tim.o(.text)
    TIM_OC2PreloadConfig                     0x0800191f   Thumb Code    26  stm32f10x_tim.o(.text)
    TIM_OC3PreloadConfig                     0x08001939   Thumb Code    18  stm32f10x_tim.o(.text)
    TIM_OC4PreloadConfig                     0x0800194b   Thumb Code    26  stm32f10x_tim.o(.text)
    TIM_OC1FastConfig                        0x08001965   Thumb Code    18  stm32f10x_tim.o(.text)
    TIM_OC2FastConfig                        0x08001977   Thumb Code    26  stm32f10x_tim.o(.text)
    TIM_OC3FastConfig                        0x08001991   Thumb Code    18  stm32f10x_tim.o(.text)
    TIM_OC4FastConfig                        0x080019a3   Thumb Code    26  stm32f10x_tim.o(.text)
    TIM_ClearOC1Ref                          0x080019bd   Thumb Code    18  stm32f10x_tim.o(.text)
    TIM_ClearOC2Ref                          0x080019cf   Thumb Code    24  stm32f10x_tim.o(.text)
    TIM_ClearOC3Ref                          0x080019e7   Thumb Code    18  stm32f10x_tim.o(.text)
    TIM_ClearOC4Ref                          0x080019f9   Thumb Code    24  stm32f10x_tim.o(.text)
    TIM_OC1PolarityConfig                    0x08001a11   Thumb Code    18  stm32f10x_tim.o(.text)
    TIM_OC1NPolarityConfig                   0x08001a23   Thumb Code    18  stm32f10x_tim.o(.text)
    TIM_OC2PolarityConfig                    0x08001a35   Thumb Code    26  stm32f10x_tim.o(.text)
    TIM_OC2NPolarityConfig                   0x08001a4f   Thumb Code    26  stm32f10x_tim.o(.text)
    TIM_OC3PolarityConfig                    0x08001a69   Thumb Code    26  stm32f10x_tim.o(.text)
    TIM_OC3NPolarityConfig                   0x08001a83   Thumb Code    26  stm32f10x_tim.o(.text)
    TIM_OC4PolarityConfig                    0x08001a9d   Thumb Code    26  stm32f10x_tim.o(.text)
    TIM_CCxCmd                               0x08001ab7   Thumb Code    26  stm32f10x_tim.o(.text)
    TIM_CCxNCmd                              0x08001ad1   Thumb Code    26  stm32f10x_tim.o(.text)
    TIM_SelectOCxM                           0x08001aeb   Thumb Code   134  stm32f10x_tim.o(.text)
    TIM_UpdateDisableConfig                  0x08001b71   Thumb Code    24  stm32f10x_tim.o(.text)
    TIM_UpdateRequestConfig                  0x08001b89   Thumb Code    24  stm32f10x_tim.o(.text)
    TIM_SelectHallSensor                     0x08001ba1   Thumb Code    24  stm32f10x_tim.o(.text)
    TIM_SelectOnePulseMode                   0x08001bb9   Thumb Code    18  stm32f10x_tim.o(.text)
    TIM_SelectOutputTrigger                  0x08001bcb   Thumb Code    18  stm32f10x_tim.o(.text)
    TIM_SelectSlaveMode                      0x08001bdd   Thumb Code    18  stm32f10x_tim.o(.text)
    TIM_SelectMasterSlaveMode                0x08001bef   Thumb Code    18  stm32f10x_tim.o(.text)
    TIM_SetCounter                           0x08001c01   Thumb Code     4  stm32f10x_tim.o(.text)
    TIM_SetAutoreload                        0x08001c05   Thumb Code     4  stm32f10x_tim.o(.text)
    TIM_SetCompare1                          0x08001c09   Thumb Code     4  stm32f10x_tim.o(.text)
    TIM_SetCompare2                          0x08001c0d   Thumb Code     4  stm32f10x_tim.o(.text)
    TIM_SetCompare3                          0x08001c11   Thumb Code     4  stm32f10x_tim.o(.text)
    TIM_SetCompare4                          0x08001c15   Thumb Code     6  stm32f10x_tim.o(.text)
    TIM_SetClockDivision                     0x08001c1b   Thumb Code    14  stm32f10x_tim.o(.text)
    TIM_GetCapture1                          0x08001c29   Thumb Code     6  stm32f10x_tim.o(.text)
    TIM_GetCapture2                          0x08001c2f   Thumb Code     6  stm32f10x_tim.o(.text)
    TIM_GetCapture3                          0x08001c35   Thumb Code     6  stm32f10x_tim.o(.text)
    TIM_GetCapture4                          0x08001c3b   Thumb Code     8  stm32f10x_tim.o(.text)
    TIM_GetCounter                           0x08001c43   Thumb Code     6  stm32f10x_tim.o(.text)
    TIM_GetPrescaler                         0x08001c49   Thumb Code     6  stm32f10x_tim.o(.text)
    TIM_GetFlagStatus                        0x08001c4f   Thumb Code    18  stm32f10x_tim.o(.text)
    TIM_ClearFlag                            0x08001c61   Thumb Code     6  stm32f10x_tim.o(.text)
    TIM_GetITStatus                          0x08001c67   Thumb Code    34  stm32f10x_tim.o(.text)
    TIM_ClearITPendingBit                    0x08001c89   Thumb Code     6  stm32f10x_tim.o(.text)
    USART_DeInit                             0x08001c91   Thumb Code   146  stm32f10x_usart.o(.text)
    USART_Init                               0x08001d23   Thumb Code   150  stm32f10x_usart.o(.text)
    USART_StructInit                         0x08001db9   Thumb Code    24  stm32f10x_usart.o(.text)
    USART_ClockInit                          0x08001dd1   Thumb Code    34  stm32f10x_usart.o(.text)
    USART_ClockStructInit                    0x08001df3   Thumb Code    12  stm32f10x_usart.o(.text)
    USART_Cmd                                0x08001dff   Thumb Code    24  stm32f10x_usart.o(.text)
    USART_ITConfig                           0x08001e17   Thumb Code    64  stm32f10x_usart.o(.text)
    USART_DMACmd                             0x08001e57   Thumb Code    18  stm32f10x_usart.o(.text)
    USART_SetAddress                         0x08001e69   Thumb Code    18  stm32f10x_usart.o(.text)
    USART_WakeUpConfig                       0x08001e7b   Thumb Code    18  stm32f10x_usart.o(.text)
    USART_ReceiverWakeUpCmd                  0x08001e8d   Thumb Code    24  stm32f10x_usart.o(.text)
    USART_LINBreakDetectLengthConfig         0x08001ea5   Thumb Code    18  stm32f10x_usart.o(.text)
    USART_LINCmd                             0x08001eb7   Thumb Code    24  stm32f10x_usart.o(.text)
    USART_SendData                           0x08001ecf   Thumb Code     8  stm32f10x_usart.o(.text)
    USART_ReceiveData                        0x08001ed7   Thumb Code    10  stm32f10x_usart.o(.text)
    USART_SendBreak                          0x08001ee1   Thumb Code    10  stm32f10x_usart.o(.text)
    USART_SetGuardTime                       0x08001eeb   Thumb Code    16  stm32f10x_usart.o(.text)
    USART_SetPrescaler                       0x08001efb   Thumb Code    16  stm32f10x_usart.o(.text)
    USART_SmartCardCmd                       0x08001f0b   Thumb Code    24  stm32f10x_usart.o(.text)
    USART_SmartCardNACKCmd                   0x08001f23   Thumb Code    24  stm32f10x_usart.o(.text)
    USART_HalfDuplexCmd                      0x08001f3b   Thumb Code    24  stm32f10x_usart.o(.text)
    USART_IrDAConfig                         0x08001f53   Thumb Code    18  stm32f10x_usart.o(.text)
    USART_IrDACmd                            0x08001f65   Thumb Code    24  stm32f10x_usart.o(.text)
    USART_GetFlagStatus                      0x08001f7d   Thumb Code    18  stm32f10x_usart.o(.text)
    USART_ClearFlag                          0x08001f8f   Thumb Code     6  stm32f10x_usart.o(.text)
    USART_GetITStatus                        0x08001f95   Thumb Code    76  stm32f10x_usart.o(.text)
    USART_ClearITPendingBit                  0x08001fe1   Thumb Code    20  stm32f10x_usart.o(.text)
    SystemInit                               0x080020e3   Thumb Code    68  system_stm32f10x.o(.text)
    __scatterload                            0x08002139   Thumb Code    28  init.o(.text)
    __scatterload_rt2                        0x08002139   Thumb Code     0  init.o(.text)
    __scatterload_copy                       0x0800215d   Thumb Code    14  handlers.o(i.__scatterload_copy)
    __scatterload_null                       0x0800216b   Thumb Code     2  handlers.o(i.__scatterload_null)
    __scatterload_zeroinit                   0x0800216d   Thumb Code    14  handlers.o(i.__scatterload_zeroinit)
    Region$$Table$$Base                      0x0800217c   Number         0  anon$$obj.o(Region$$Table)
    Region$$Table$$Limit                     0x0800219c   Number         0  anon$$obj.o(Region$$Table)
    time_flag                                0x20000000   Data           4  main.o(.data)
    count1                                   0x20000004   Data           4  main.o(.data)
    count2                                   0x20000008   Data           4  main.o(.data)
    count3                                   0x2000000c   Data           4  main.o(.data)
    __initial_sp                             0x20000228   Data           0  startup_stm32f10x_hd.o(STACK)



==============================================================================

Memory Map of the image

  Image Entry point : 0x08000147

  Load Region LR_1 (Base: 0x08000000, Size: 0x000021c0, Max: 0xffffffff, ABSOLUTE)

    Execution Region ER_RO (Base: 0x08000000, Size: 0x0000219c, Max: 0xffffffff, ABSOLUTE)

    Base Addr    Size         Type   Attr      Idx    E Section Name        Object

    0x08000000   0x00000130   Data   RO            3    RESET               startup_stm32f10x_hd.o
    0x08000130   0x00000000   Code   RO          225  * .ARM.Collect$$$$00000000  mc_w.l(entry.o)
    0x08000130   0x00000004   Code   RO          228    .ARM.Collect$$$$00000001  mc_w.l(entry2.o)
    0x08000134   0x00000004   Code   RO          231    .ARM.Collect$$$$00000004  mc_w.l(entry5.o)
    0x08000138   0x00000000   Code   RO          233    .ARM.Collect$$$$00000008  mc_w.l(entry7b.o)
    0x08000138   0x00000000   Code   RO          235    .ARM.Collect$$$$0000000A  mc_w.l(entry8b.o)
    0x08000138   0x00000008   Code   RO          236    .ARM.Collect$$$$0000000B  mc_w.l(entry9a.o)
    0x08000140   0x00000000   Code   RO          238    .ARM.Collect$$$$0000000D  mc_w.l(entry10a.o)
    0x08000140   0x00000000   Code   RO          240    .ARM.Collect$$$$0000000F  mc_w.l(entry11a.o)
    0x08000140   0x00000004   Code   RO          229    .ARM.Collect$$$$00002712  mc_w.l(entry2.o)
    0x08000144   0x00000030   Code   RO            4  * .text               startup_stm32f10x_hd.o
    0x08000174   0x00000094   Code   RO           10    .text               main.o
    0x08000208   0x00000074   Code   RO           73    .text               stm32f10x_it.o
    0x0800027c   0x00000220   Code   RO           92    .text               usart1.o
    0x0800049c   0x0000004c   Code   RO          111    .text               nvic.o
    0x080004e8   0x00000438   Code   RO          123    .text               system_init.o
    0x08000920   0x0000032c   Code   RO          135    .text               stm32f10x_gpio.o
    0x08000c4c   0x000003a0   Code   RO          147    .text               stm32f10x_rcc.o
    0x08000fec   0x000000dc   Code   RO          161    .text               misc.o
    0x080010c8   0x00000bc6   Code   RO          173    .text               stm32f10x_tim.o
    0x08001c8e   0x00000002   PAD
    0x08001c90   0x00000370   Code   RO          185    .text               stm32f10x_usart.o
    0x08002000   0x00000138   Code   RO          207    .text               system_stm32f10x.o
    0x08002138   0x00000024   Code   RO          242    .text               mc_w.l(init.o)
    0x0800215c   0x0000000e   Code   RO          246    i.__scatterload_copy  mc_w.l(handlers.o)
    0x0800216a   0x00000002   Code   RO          247    i.__scatterload_null  mc_w.l(handlers.o)
    0x0800216c   0x0000000e   Code   RO          248    i.__scatterload_zeroinit  mc_w.l(handlers.o)
    0x0800217a   0x00000002   PAD
    0x0800217c   0x00000020   Data   RO          244    Region$$Table       anon$$obj.o


    Execution Region ER_RW (Base: 0x20000000, Size: 0x00000024, Max: 0xffffffff, ABSOLUTE)

    Base Addr    Size         Type   Attr      Idx    E Section Name        Object

    0x20000000   0x00000010   Data   RW           11    .data               main.o
    0x20000010   0x00000014   Data   RW          148    .data               stm32f10x_rcc.o


    Execution Region ER_ZI (Base: 0x20000024, Size: 0x00000204, Max: 0xffffffff, ABSOLUTE)

    Base Addr    Size         Type   Attr      Idx    E Section Name        Object

    0x20000024   0x00000004   PAD
    0x20000028   0x00000200   Zero   RW            1    STACK               startup_stm32f10x_hd.o


==============================================================================

Image component sizes


      Code (inc. data)   RO Data    RW Data    ZI Data      Debug   Object Name

       148         60          0         16          0     249684   main.o
       220         20          0          0          0       1649   misc.o
        76          0          0          0          0        457   nvic.o
        48         12        304          0        512        832   startup_stm32f10x_hd.o
       812         18          0          0          0       5019   stm32f10x_gpio.o
       116         26          0          0          0       1500   stm32f10x_it.o
       928         44          0         20          0       8604   stm32f10x_rcc.o
      3014         16          0          0          0      23724   stm32f10x_tim.o
       880         12          0          0          0       7639   stm32f10x_usart.o
      1080         42          0          0          0       2414   system_init.o
       312         18          0          0          0       1081   system_stm32f10x.o
       544          8          0          0          0       3712   usart1.o

    ----------------------------------------------------------------------
      8180        276        336         36        516     306315   Object Totals
         0          0         32          0          0          0   (incl. Generated)
         2          0          0          0          4          0   (incl. Padding)

    ----------------------------------------------------------------------

      Code (inc. data)   RO Data    RW Data    ZI Data      Debug   Library Member Name

         0          0          0          0          0          0   entry.o
         0          0          0          0          0          0   entry10a.o
         0          0          0          0          0          0   entry11a.o
         8          4          0          0          0          0   entry2.o
         4          0          0          0          0          0   entry5.o
         0          0          0          0          0          0   entry7b.o
         0          0          0          0          0          0   entry8b.o
         8          4          0          0          0          0   entry9a.o
        30          0          0          0          0          0   handlers.o
        36          8          0          0          0         68   init.o

    ----------------------------------------------------------------------
        88         16          0          0          0         68   Library Totals
         2          0          0          0          0          0   (incl. Padding)

    ----------------------------------------------------------------------

      Code (inc. data)   RO Data    RW Data    ZI Data      Debug   Library Name

        86         16          0          0          0         68   mc_w.l

    ----------------------------------------------------------------------
        88         16          0          0          0         68   Library Totals

    ----------------------------------------------------------------------

==============================================================================


      Code (inc. data)   RO Data    RW Data    ZI Data      Debug   

      8268        292        336         36        516     305447   Grand Totals
      8268        292        336         36        516     305447   ELF Image Totals
      8268        292        336         36          0          0   ROM Totals

==============================================================================

    Total RO  Size (Code + RO Data)                 8604 (   8.40kB)
    Total RW  Size (RW Data + ZI Data)               552 (   0.54kB)
    Total ROM Size (Code + RO Data + RW Data)       8640 (   8.44kB)

==============================================================================

